DOMAIN-SUFFIX,googlevideo.com
DOMAIN-SUFFIX,windows.net
DOMAIN-SUFFIX,windows.com
DOMAIN-SUFFIX,cloudflare.com
DOMAIN-SUFFIX,cloudflare.net
DOMAIN-SUFFIX,jetbrains.com
DOMAIN-SUFFIX,jetbrains.team
DOMAIN-WILDCARD,instagram.*
DOMAIN-WILDCARD,*instagram.com
DOMAIN-WILDCARD,*.ncsoft.*
DOMAIN-WILDCARD,*.steam*
DOMAIN-WILDCARD,steam*
GEOIP,DE
GEOIP,FI
GEOIP,US
GEOIP,IE
GEOIP,FR
GEOIP,IT
GEOIP,ES
GEOIP,PL
GEOIP,NL
GEOIP,GB
GEOIP,CH
GEOIP,AT
GEOIP,BE
GEOIP,SE
GEOIP,NO
GEOIP,DK
GEOIP,CZ
DOMAIN-REGEX,^gvt[0-9]+\.(com|net)$